
> rest-express@1.0.0 build
> vite build

[36mvite v5.4.8 [32mbuilding for production...[36m[39m
transforming...
[32mΓ£ô[39m 3891 modules transformed.
rendering chunks...
computing gzip size...
[2m../dist/public/[22m[32mregisterSW.js                                       [39m[1m[2m    0.13 kB[22m[1m[22m
[2m../dist/public/[22m[32mmanifest.webmanifest                                [39m[1m[2m    0.52 kB[22m[1m[22m
[2m../dist/public/[22m[32mindex.html                                          [39m[1m[2m    1.85 kB[22m[1m[22m[2m Γöé gzip:   0.73 kB[22m
[2m../dist/public/[22m[32massets/food-indian-2-Cw0uN8yC.jpg                   [39m[1m[2m  219.67 kB[22m[1m[22m
[2m../dist/public/[22m[32massets/testimonial-1-D-33tk3R.jpg                   [39m[1m[2m  270.60 kB[22m[1m[22m
[2m../dist/public/[22m[32massets/food-indian-1-CV9ydyFQ.jpg                   [39m[1m[2m  272.58 kB[22m[1m[22m
[2m../dist/public/[22m[32massets/food-indian-3-B9Lf6JrQ.jpg                   [39m[1m[2m  329.96 kB[22m[1m[22m
[2m../dist/public/[22m[32massets/rooftop-indian-RHXNf-2l.jpg                  [39m[1m[2m  488.18 kB[22m[1m[22m
[2m../dist/public/[22m[32massets/restaurant_interior_background-DPl4QfP3.png  [39m[1m[2m1,255.17 kB[22m[1m[22m
[2m../dist/public/[22m[32massets/exquisite_red_gourmet_dish-BBCJHo1k.png      [39m[1m[2m1,298.57 kB[22m[1m[22m
[2m../dist/public/[22m[35massets/index-Bi8nK04l.css                           [39m[1m[2m  163.19 kB[22m[1m[22m[2m Γöé gzip:  25.48 kB[22m
[2m../dist/public/[22m[36massets/purify.es-C_uT9hQ1.js                        [39m[1m[2m   21.98 kB[22m[1m[22m[2m Γöé gzip:   8.74 kB[22m
[2m../dist/public/[22m[36massets/index.es-2GR3Za5f.js                         [39m[1m[2m  150.47 kB[22m[1m[22m[2m Γöé gzip:  51.44 kB[22m
[2m../dist/public/[22m[36massets/html2canvas.esm-CBrSDip1.js                  [39m[1m[2m  201.42 kB[22m[1m[22m[2m Γöé gzip:  48.03 kB[22m
[2m../dist/public/[22m[36massets/index-DQdiE5jI.js                            [39m[1m[33m2,695.97 kB[39m[22m[2m Γöé gzip: 665.57 kB[22m
npm : [33m
At line:1 char:1
+ npm run build > 
build_output.txt 2>&1
+ ~~~~~~~~~~~~~~~~~~~~~~~~~~~~~~~
~~~~~~
    + CategoryInfo          : 
NotSpecified: ([33m:String) [], 
RemoteException
    + FullyQualifiedErrorId : 
NativeCommandError
 
(!) Some chunks are larger than 
500 kB after minification. 
Consider:
- Using dynamic import() to 
code-split the application
- Use build.rollupOptions.output.
manualChunks to improve 
chunking: https://rollupjs.org/co
nfiguration-options/#output-manua
lchunks
- Adjust chunk size limit for 
this warning via 
build.chunkSizeWarningLimit.[39m
[32mΓ£ô built in 33.17s[39m
[31merror during build:
Error: 
  Configure "workbox.maximumFileS
izeToCacheInBytes" to change the 
limit: the default value is 2 
MiB.
  Check https://vite-pwa-org.netl
ify.app/guide/faq.html#missing-as
sets-from-sw-precache-manifest 
for more information.
  Assets exceeding the limit:
  - assets/index-DQdiE5jI.js is 
2.7 MB, and won't be precached.

    at logWorkboxResult (file:///
C:/Users/Aryan/Desktop/rms/QR-Men
u-Design/node_modules/vite-plugin
-pwa/dist/chunk-G4TAN34B.js:44:13
)
    at generateServiceWorker (fil
e:///C:/Users/Aryan/Desktop/rms/Q
R-Menu-Design/node_modules/vite-p
lugin-pwa/dist/index.js:209:3)
    at async _generateSW (file://
/C:/Users/Aryan/Desktop/rms/QR-Me
nu-Design/node_modules/vite-plugi
n-pwa/dist/index.js:234:5)
    at async Object.handler (file
:///C:/Users/Aryan/Desktop/rms/QR
-Menu-Design/node_modules/vite-pl
ugin-pwa/dist/index.js:427:13)
    at async 
PluginDriver.hookParallel (file:/
//C:/Users/Aryan/Desktop/rms/QR-M
enu-Design/node_modules/rollup/di
st/es/shared/node-entry.js:22330:
17)
    at async Object.close (file:/
//C:/Users/Aryan/Desktop/rms/QR-M
enu-Design/node_modules/rollup/di
st/es/shared/node-entry.js:23347:
13)
    at async build (file:///C:/Us
ers/Aryan/Desktop/rms/QR-Menu-Des
ign/node_modules/vite/dist/node/c
hunks/dep-CDnG8rE7.js:65409:17)
    at async CAC.<anonymous> (fil
e:///C:/Users/Aryan/Desktop/rms/Q
R-Menu-Design/node_modules/vite/d
ist/node/cli.js:828:5)[39m
